0 verbose cli D:\nodejs\node.exe D:\nodejs\node_modules\npm\bin\npm-cli.js
1 info using npm@10.9.3
2 info using node@v22.20.0
3 silly config load:file:D:\nodejs\node_modules\npm\npmrc
4 silly config load:file:D:\cursor\project8  blog\test\.npmrc
5 silly config load:file:C:\Users\Arthur\.npmrc
6 silly config load:file:D:\nodejs\node_global\etc\npmrc
7 verbose title npm install js-yaml
8 verbose argv "install" "js-yaml" "--cache" "./.npm-cache"
9 verbose logfile logs-max:10 dir:D:\cursor\project8  blog\test\.npm-cache\_logs\2025-12-01T05_30_53_242Z-
10 verbose logfile D:\cursor\project8  blog\test\.npm-cache\_logs\2025-12-01T05_30_53_242Z-debug-0.log
11 silly logfile done cleaning log files
12 silly packumentCache heap:4345298944 maxSize:1086324736 maxEntrySize:543162368
13 silly idealTree buildDeps
14 silly fetch manifest js-yaml@*
15 silly packumentCache full:https://registry.npmmirror.com/js-yaml cache-miss
16 verbose shrinkwrap failed to load node_modules/.package-lock.json out of date, updated: node_modules
17 http fetch GET 200 https://registry.npmmirror.com/js-yaml 7316ms (cache revalidated)
18 silly packumentCache full:https://registry.npmmirror.com/js-yaml set size:139947 disposed:false
19 silly placeDep ROOT js-yaml@4.1.1 REPLACE for: mizuki@7.1.0 want: *
20 silly reify mark retired [
20 silly reify   'D:\\cursor\\project8  blog\\test\\node_modules\\js-yaml',
20 silly reify   'D:\\cursor\\project8  blog\\test\\node_modules\\.bin\\js-yaml',
20 silly reify   'D:\\cursor\\project8  blog\\test\\node_modules\\.bin\\js-yaml.cmd',
20 silly reify   'D:\\cursor\\project8  blog\\test\\node_modules\\.bin\\js-yaml.ps1'
20 silly reify ]
21 silly reify moves {
21 silly reify   'D:\\cursor\\project8  blog\\test\\node_modules\\js-yaml': 'D:\\cursor\\project8  blog\\test\\node_modules\\.js-yaml-iaAYcGCY',
21 silly reify   'D:\\cursor\\project8  blog\\test\\node_modules\\.bin\\js-yaml': 'D:\\cursor\\project8  blog\\test\\node_modules\\.bin\\.js-yaml-DsdQwDY6',
21 silly reify   'D:\\cursor\\project8  blog\\test\\node_modules\\.bin\\js-yaml.cmd': 'D:\\cursor\\project8  blog\\test\\node_modules\\.bin\\.js-yaml.cmd-NcMM0Awe',
21 silly reify   'D:\\cursor\\project8  blog\\test\\node_modules\\.bin\\js-yaml.ps1': 'D:\\cursor\\project8  blog\\test\\node_modules\\.bin\\.js-yaml.ps1-ZjDvFjUQ'
21 silly reify }
22 silly audit bulk request {
22 silly audit   '@adobe/css-tools': [ '4.3.3' ],
22 silly audit   '@alloc/quick-lru': [ '5.2.0' ],
22 silly audit   '@antfu/install-pkg': [ '1.1.0' ],
22 silly audit   '@antfu/utils': [ '8.1.1' ],
22 silly audit   '@astrojs/check': [ '0.9.5' ],
22 silly audit   '@astrojs/compiler': [ '2.13.0' ],
22 silly audit   '@astrojs/internal-helpers': [ '0.7.4' ],
22 silly audit   '@astrojs/language-server': [ '2.16.0' ],
22 silly audit   '@astrojs/markdown-remark': [ '6.3.8' ],
22 silly audit   '@astrojs/prism': [ '3.3.0' ],
22 silly audit   '@astrojs/rss': [ '4.0.13' ],
22 silly audit   '@astrojs/sitemap': [ '3.6.0' ],
22 silly audit   '@astrojs/svelte': [ '7.2.2' ],
22 silly audit   '@astrojs/tailwind': [ '6.0.2' ],
22 silly audit   '@astrojs/telemetry': [ '3.3.0' ],
22 silly audit   '@astrojs/ts-plugin': [ '1.10.5' ],
22 silly audit   '@astrojs/yaml2ts': [ '0.2.2' ],
22 silly audit   '@babel/code-frame': [ '7.27.1' ],
22 silly audit   '@babel/compat-data': [ '7.28.5' ],
22 silly audit   '@babel/core': [ '7.28.5' ],
22 silly audit   semver: [ '6.3.1', '5.7.2', '7.7.3' ],
22 silly audit   '@babel/generator': [ '7.28.5' ],
22 silly audit   '@babel/helper-annotate-as-pure': [ '7.27.3' ],
22 silly audit   '@babel/helper-compilation-targets': [ '7.27.2' ],
22 silly audit   'lru-cache': [ '5.1.1', '7.18.3', '6.0.0', '10.4.3' ],
22 silly audit   yallist: [ '3.1.1', '4.0.0' ],
22 silly audit   '@babel/helper-create-class-features-plugin': [ '7.28.5' ],
22 silly audit   '@babel/helper-create-regexp-features-plugin': [ '7.28.5' ],
22 silly audit   '@babel/helper-define-polyfill-provider': [ '0.6.5' ],
22 silly audit   '@babel/helper-globals': [ '7.28.0' ],
22 silly audit   '@babel/helper-member-expression-to-functions': [ '7.28.5' ],
22 silly audit   '@babel/helper-module-imports': [ '7.27.1' ],
22 silly audit   '@babel/helper-module-transforms': [ '7.28.3' ],
22 silly audit   '@babel/helper-optimise-call-expression': [ '7.27.1' ],
22 silly audit   '@babel/helper-plugin-utils': [ '7.27.1' ],
22 silly audit   '@babel/helper-remap-async-to-generator': [ '7.27.1' ],
22 silly audit   '@babel/helper-replace-supers': [ '7.27.1' ],
22 silly audit   '@babel/helper-skip-transparent-expression-wrappers': [ '7.27.1' ],
22 silly audit   '@babel/helper-string-parser': [ '7.27.1' ],
22 silly audit   '@babel/helper-validator-identifier': [ '7.28.5' ],
22 silly audit   '@babel/helper-validator-option': [ '7.27.1' ],
22 silly audit   '@babel/helper-wrap-function': [ '7.28.3' ],
22 silly audit   '@babel/helpers': [ '7.28.4' ],
22 silly audit   '@babel/parser': [ '7.28.5' ],
22 silly audit   '@babel/plugin-bugfix-firefox-class-in-computed-class-key': [ '7.28.5' ],
22 silly audit   '@babel/plugin-bugfix-safari-class-field-initializer-scope': [ '7.27.1' ],
22 silly audit   '@babel/plugin-bugfix-safari-id-destructuring-collision-in-function-expression': [ '7.27.1' ],
22 silly audit   '@babel/plugin-bugfix-v8-spread-parameters-in-optional-chaining': [ '7.27.1' ],
22 silly audit   '@babel/plugin-bugfix-v8-static-class-fields-redefine-readonly': [ '7.28.3' ],
22 silly audit   '@babel/plugin-proposal-class-properties': [ '7.12.1' ],
22 silly audit   '@babel/plugin-proposal-private-property-in-object': [ '7.21.0-placeholder-for-preset-env.2' ],
22 silly audit   '@babel/plugin-syntax-flow': [ '7.27.1' ],
22 silly audit   '@babel/plugin-syntax-import-assertions': [ '7.27.1' ],
22 silly audit   '@babel/plugin-syntax-import-attributes': [ '7.27.1' ],
22 silly audit   '@babel/plugin-syntax-import-meta': [ '7.10.4' ],
22 silly audit   '@babel/plugin-syntax-jsx': [ '7.27.1' ],
22 silly audit   '@babel/plugin-syntax-unicode-sets-regex': [ '7.18.6' ],
22 silly audit   '@babel/plugin-transform-arrow-functions': [ '7.27.1' ],
22 silly audit   '@babel/plugin-transform-async-generator-functions': [ '7.28.0' ],
22 silly audit   '@babel/plugin-transform-async-to-generator': [ '7.27.1' ],
22 silly audit   '@babel/plugin-transform-block-scoped-functions': [ '7.27.1' ],
22 silly audit   '@babel/plugin-transform-block-scoping': [ '7.28.5' ],
22 silly audit   '@babel/plugin-transform-class-properties': [ '7.27.1' ],
22 silly audit   '@babel/plugin-transform-class-static-block': [ '7.28.3' ],
22 silly audit   '@babel/plugin-transform-classes': [ '7.28.4' ],
22 silly audit   '@babel/plugin-transform-computed-properties': [ '7.27.1' ],
22 silly audit   '@babel/plugin-transform-destructuring': [ '7.28.5' ],
22 silly audit   '@babel/plugin-transform-dotall-regex': [ '7.27.1' ],
22 silly audit   '@babel/plugin-transform-duplicate-keys': [ '7.27.1' ],
22 silly audit   '@babel/plugin-transform-duplicate-named-capturing-groups-regex': [ '7.27.1' ],
22 silly audit   '@babel/plugin-transform-dynamic-import': [ '7.27.1' ],
22 silly audit   '@babel/plugin-transform-explicit-resource-management': [ '7.28.0' ],
22 silly audit   '@babel/plugin-transform-exponentiation-operator': [ '7.28.5' ],
22 silly audit   '@babel/plugin-transform-export-namespace-from': [ '7.27.1' ],
22 silly audit   '@babel/plugin-transform-flow-strip-types': [ '7.27.1' ],
22 silly audit   '@babel/plugin-transform-for-of': [ '7.27.1' ],
22 silly audit   '@babel/plugin-transform-function-name': [ '7.27.1' ],
22 silly audit   '@babel/plugin-transform-json-strings': [ '7.27.1' ],
22 silly audit   '@babel/plugin-transform-literals': [ '7.27.1' ],
22 silly audit   '@babel/plugin-transform-logical-assignment-operators': [ '7.28.5' ],
22 silly audit   '@babel/plugin-transform-member-expression-literals': [ '7.27.1' ],
22 silly audit   '@babel/plugin-transform-modules-amd': [ '7.27.1' ],
22 silly audit   '@babel/plugin-transform-modules-commonjs': [ '7.27.1' ],
22 silly audit   '@babel/plugin-transform-modules-systemjs': [ '7.28.5' ],
22 silly audit   '@babel/plugin-transform-modules-umd': [ '7.27.1' ],
22 silly audit   '@babel/plugin-transform-named-capturing-groups-regex': [ '7.27.1' ],
22 silly audit   '@babel/plugin-transform-new-target': [ '7.27.1' ],
22 silly audit   '@babel/plugin-transform-nullish-coalescing-operator': [ '7.27.1' ],
22 silly audit   '@babel/plugin-transform-numeric-separator': [ '7.27.1' ],
22 silly audit   '@babel/plugin-transform-object-rest-spread': [ '7.28.4' ],
22 silly audit   '@babel/plugin-transform-object-super': [ '7.27.1' ],
22 silly audit   '@babel/plugin-transform-optional-catch-binding': [ '7.27.1' ],
22 silly audit   '@babel/plugin-transform-optional-chaining': [ '7.28.5' ],
22 silly audit   '@babel/plugin-transform-parameters': [ '7.27.7' ],
22 silly audit   '@babel/plugin-transform-private-methods': [ '7.27.1' ],
22 silly audit   '@babel/plugin-transform-private-property-in-object': [ '7.27.1' ],
22 silly audit   '@babel/plugin-transform-property-literals': [ '7.27.1' ],
22 silly audit   '@babel/plugin-transform-react-display-name': [ '7.28.0' ],
22 silly audit   '@babel/plugin-transform-react-jsx': [ '7.27.1' ],
22 silly audit   '@babel/plugin-transform-react-jsx-development': [ '7.27.1' ],
22 silly audit   '@babel/plugin-transform-react-pure-annotations': [ '7.27.1' ],
22 silly audit   '@babel/plugin-transform-regenerator': [ '7.28.4' ],
22 silly audit   '@babel/plugin-transform-regexp-modifiers': [ '7.27.1' ],
22 silly audit   '@babel/plugin-transform-reserved-words': [ '7.27.1' ],
22 silly audit   '@babel/plugin-transform-shorthand-properties': [ '7.27.1' ],
22 silly audit   '@babel/plugin-transform-spread': [ '7.27.1' ],
22 silly audit   '@babel/plugin-transform-sticky-regex': [ '7.27.1' ],
22 silly audit   '@babel/plugin-transform-template-literals': [ '7.27.1' ],
22 silly audit   '@babel/plugin-transform-typeof-symbol': [ '7.27.1' ],
22 silly audit   '@babel/plugin-transform-unicode-escapes': [ '7.27.1' ],
22 silly audit   '@babel/plugin-transform-unicode-property-regex': [ '7.27.1' ],
22 silly audit   '@babel/plugin-transform-unicode-regex': [ '7.27.1' ],
22 silly audit   '@babel/plugin-transform-unicode-sets-regex': [ '7.27.1' ],
22 silly audit   '@babel/preset-env': [ '7.28.5' ],
22 silly audit   '@babel/preset-flow': [ '7.27.1' ],
22 silly audit   '@babel/preset-modules': [ '0.1.6-no-external-plugins' ],
22 silly audit   '@babel/preset-react': [ '7.28.5' ],
22 silly audit   '@babel/runtime': [ '7.28.4' ],
22 silly audit   '@babel/template': [ '7.27.2' ],
22 silly audit   '@babel/traverse': [ '7.28.5' ],
22 silly audit   '@babel/types': [ '7.28.5' ],
22 silly audit   '@biomejs/biome': [ '2.3.5' ],
22 silly audit   '@biomejs/cli-darwin-arm64': [ '2.3.5' ],
22 silly audit   '@biomejs/cli-darwin-x64': [ '2.3.5' ],
22 silly audit   '@biomejs/cli-linux-arm64': [ '2.3.5' ],
22 silly audit   '@biomejs/cli-linux-arm64-musl': [ '2.3.5' ],
22 silly audit   '@biomejs/cli-linux-x64': [ '2.3.5' ],
22 silly audit   '@biomejs/cli-linux-x64-musl': [ '2.3.5' ],
22 silly audit   '@biomejs/cli-win32-arm64': [ '2.3.5' ],
22 silly audit   '@biomejs/cli-win32-x64': [ '2.3.5' ],
22 silly audit   '@capsizecss/unpack': [ '3.0.1' ],
22 silly audit   '@csstools/selector-resolve-nested': [ '3.1.0' ],
22 silly audit   '@csstools/selector-specificity': [ '5.0.0' ],
22 silly audit   '@ctrl/tinycolor': [ '4.2.0' ],
22 silly audit   '@emmetio/abbreviation': [ '2.3.3' ],
22 silly audit   '@emmetio/css-abbreviation': [ '2.1.8' ],
22 silly audit   '@emmetio/css-parser': [ '0.4.0' ],
22 silly audit   '@emmetio/html-matcher': [ '1.3.0' ],
22 silly audit   '@emmetio/scanner': [ '1.0.4' ],
22 silly audit   '@emmetio/stream-reader': [ '2.2.0' ],
22 silly audit   '@emmetio/stream-reader-utils': [ '0.1.0' ],
22 silly audit   '@esbuild/win32-x64': [ '0.25.12' ],
22 silly audit   '@expressive-code/core': [ '0.41.3' ],
22 silly audit   '@expressive-code/plugin-collapsible-sections': [ '0.41.3' ],
22 silly audit   '@expressive-code/plugin-frames': [ '0.41.3' ],
22 silly audit   '@expressive-code/plugin-line-numbers': [ '0.41.3' ],
22 silly audit   '@expressive-code/plugin-shiki': [ '0.41.3' ],
22 silly audit   '@expressive-code/plugin-text-markers': [ '0.41.3' ],
22 silly audit   '@fancyapps/ui': [ '6.1.5' ],
22 silly audit   '@fontsource-variable/jetbrains-mono': [ '5.2.8' ],
22 silly audit   '@fontsource/roboto': [ '5.2.8' ],
22 silly audit   '@gar/promisify': [ '1.1.3' ],
22 silly audit   '@iconify-json/fa6-brands': [ '1.2.6' ],
22 silly audit   '@iconify-json/fa6-regular': [ '1.2.4' ],
22 silly audit   '@iconify-json/fa6-solid': [ '1.2.4' ],
22 silly audit   '@iconify-json/material-symbols': [ '1.2.46' ],
22 silly audit   '@iconify-json/mdi': [ '1.2.3' ],
22 silly audit   '@iconify-json/simple-icons': [ '1.2.60' ],
22 silly audit   '@iconify/svelte': [ '4.2.0' ],
22 silly audit   '@iconify/tools': [ '4.1.4' ],
22 silly audit   '@iconify/types': [ '2.0.0' ],
22 silly audit   '@iconify/utils': [ '2.3.0' ],
22 silly audit   confbox: [ '0.2.2', '0.1.8' ],
22 silly audit   'local-pkg': [ '1.1.2', '0.5.1' ],
22 silly audit   pathe: [ '2.0.3', '1.1.2' ],
22 silly audit   'pkg-types': [ '2.3.0', '1.3.1' ],
22 silly audit   '@img/colour': [ '1.0.0' ],
22 silly audit   '@img/sharp-win32-x64': [ '0.34.5' ],
22 silly audit   '@isaacs/cliui': [ '8.0.2' ],
22 silly audit   'emoji-regex': [ '9.2.2', '8.0.0', '10.6.0' ],
22 silly audit   'string-width': [ '5.1.2', '4.2.3', '7.2.0' ],
22 silly audit   'wrap-ansi': [ '8.1.0', '7.0.0', '9.0.2' ],
22 silly audit   '@jridgewell/gen-mapping': [ '0.3.13' ],
22 silly audit   '@jridgewell/remapping': [ '2.3.5' ],
22 silly audit   '@jridgewell/resolve-uri': [ '3.1.2' ],
22 silly audit   '@jridgewell/source-map': [ '0.3.11' ],
22 silly audit   '@jridgewell/sourcemap-codec': [ '1.5.5' ],
22 silly audit   '@jridgewell/trace-mapping': [ '0.3.31' ],
22 silly audit   '@nodelib/fs.scandir': [ '2.1.5' ],
22 silly audit   '@nodelib/fs.stat': [ '2.0.5' ],
22 silly audit   '@nodelib/fs.walk': [ '1.2.8' ],
22 silly audit   '@npmcli/fs': [ '2.1.2' ],
22 silly audit   '@npmcli/move-file': [ '2.0.1' ],
22 silly audit   '@oslojs/encoding': [ '1.1.0' ],
22 silly audit   '@pagefind/windows-x64': [ '1.4.0' ],
22 silly audit   '@pkgjs/parseargs': [ '0.11.0' ],
22 silly audit   '@rollup/plugin-alias': [ '3.1.9' ],
22 silly audit   '@rollup/plugin-babel': [ '5.3.1' ],
22 silly audit   '@rollup/pluginutils': [ '3.1.0', '5.3.0', '4.2.1' ],
22 silly audit   '@types/estree': [ '0.0.39', '1.0.8' ],
22 silly audit   'estree-walker': [ '1.0.1', '3.0.3', '2.0.2', '0.6.1' ],
22 silly audit   picomatch: [ '2.3.1', '4.0.3' ],
22 silly audit   '@rollup/plugin-commonjs': [ '17.1.0' ],
22 silly audit   'brace-expansion': [ '1.1.12', '2.0.2' ],
22 silly audit   glob: [ '7.2.3', '8.1.0', '10.4.5' ],
22 silly audit   'is-reference': [ '1.2.1', '3.0.3' ],
22 silly audit   'magic-string': [ '0.25.9', '0.30.21' ],
22 silly audit   minimatch: [ '3.1.2', '5.1.6', '9.0.5' ],
22 silly audit   '@rollup/plugin-json': [ '4.1.0' ],
22 silly audit   '@rollup/plugin-node-resolve': [ '11.2.1' ],
22 silly audit   '@rollup/plugin-yaml': [ '4.1.2' ],
22 silly audit   '@rollup/rollup-android-arm-eabi': [ '4.53.3' ],
22 silly audit   '@rollup/rollup-android-arm64': [ '4.53.3' ],
22 silly audit   '@rollup/rollup-darwin-arm64': [ '4.53.3' ],
22 silly audit   '@rollup/rollup-darwin-x64': [ '4.53.3' ],
22 silly audit   '@rollup/rollup-freebsd-arm64': [ '4.53.3' ],
22 silly audit   '@rollup/rollup-freebsd-x64': [ '4.53.3' ],
22 silly audit   '@rollup/rollup-linux-arm-gnueabihf': [ '4.53.3' ],
22 silly audit   '@rollup/rollup-linux-arm-musleabihf': [ '4.53.3' ],
22 silly audit   '@rollup/rollup-linux-arm64-gnu': [ '4.53.3' ],
22 silly audit   '@rollup/rollup-linux-arm64-musl': [ '4.53.3' ],
22 silly audit   '@rollup/rollup-linux-loong64-gnu': [ '4.53.3' ],
22 silly audit   '@rollup/rollup-linux-ppc64-gnu': [ '4.53.3' ],
22 silly audit   '@rollup/rollup-linux-riscv64-gnu': [ '4.53.3' ],
22 silly audit   '@rollup/rollup-linux-riscv64-musl': [ '4.53.3' ],
22 silly audit   '@rollup/rollup-linux-s390x-gnu': [ '4.53.3' ],
22 silly audit   '@rollup/rollup-linux-x64-gnu': [ '4.53.3' ],
22 silly audit   '@rollup/rollup-linux-x64-musl': [ '4.53.3' ],
22 silly audit   '@rollup/rollup-openharmony-arm64': [ '4.53.3' ],
22 silly audit   '@rollup/rollup-win32-arm64-msvc': [ '4.53.3' ],
22 silly audit   '@rollup/rollup-win32-ia32-msvc': [ '4.53.3' ],
22 silly audit   '@rollup/rollup-win32-x64-gnu': [ '4.53.3' ],
22 silly audit   '@rollup/rollup-win32-x64-msvc': [ '4.53.3' ],
22 silly audit   '@shikijs/core': [ '3.15.0' ],
22 silly audit   '@shikijs/engine-javascript': [ '3.15.0' ],
22 silly audit   '@shikijs/engine-oniguruma': [ '3.15.0' ],
22 silly audit   '@shikijs/langs': [ '3.15.0' ],
22 silly audit   '@shikijs/themes': [ '3.15.0' ],
22 silly audit   '@shikijs/types': [ '3.15.0' ],
22 silly audit   '@shikijs/vscode-textmate': [ '10.0.2' ],
22 silly audit   '@shuding/opentype.js': [ '1.4.0-beta.0' ],
22 silly audit   '@surma/rollup-plugin-off-main-thread': [ '2.2.3' ],
22 silly audit   '@sveltejs/acorn-typescript': [ '1.0.6' ],
22 silly audit   '@sveltejs/vite-plugin-svelte': [ '5.1.1' ],
22 silly audit   '@sveltejs/vite-plugin-svelte-inspector': [ '4.0.1' ],
22 silly audit   '@swc/helpers': [ '0.5.17' ],
22 silly audit   '@swup/a11y-plugin': [ '5.0.0' ],
22 silly audit   '@swup/astro': [ '1.7.0' ],
22 silly audit   '@swup/body-class-plugin': [ '3.3.0' ],
22 silly audit   '@swup/browserslist-config': [ '1.0.1' ],
22 silly audit   '@swup/debug-plugin': [ '4.1.0' ],
22 silly audit   '@swup/fade-theme': [ '2.0.2' ],
22 silly audit   '@swup/forms-plugin': [ '3.6.0' ],
22 silly audit   '@swup/fragment-plugin': [ '1.1.2' ],
22 silly audit   '@swup/head-plugin': [ '2.3.1' ],
22 silly audit   '@swup/overlay-theme': [ '2.0.2' ],
22 silly audit   '@swup/parallel-plugin': [ '0.4.0' ],
22 silly audit   '@swup/plugin': [ '3.0.1', '4.0.0' ],
22 silly audit   prettier: [ '2.8.8', '3.6.2' ],
22 silly audit   '@swup/preload-plugin': [ '3.2.11' ],
22 silly audit   '@swup/prettier-config': [ '1.1.0' ],
22 silly audit   '@swup/progress-plugin': [ '3.2.0' ],
22 silly audit   '@swup/route-name-plugin': [ '4.1.0' ],
22 silly audit   '@swup/scripts-plugin': [ '2.1.0' ],
22 silly audit   '@swup/scroll-plugin': [ '3.3.2' ],
22 silly audit   '@swup/slide-theme': [ '2.0.2' ],
22 silly audit   '@swup/theme': [ '2.1.0' ],
22 silly audit   '@tailwindcss/typography': [ '0.5.19' ],
22 silly audit   'postcss-selector-parser': [ '6.0.10', '6.1.2', '7.1.0' ],
22 silly audit   '@tootallnate/once': [ '2.0.0' ],
22 silly audit   '@trysound/sax': [ '0.2.0' ],
22 silly audit   '@types/debug': [ '4.1.12' ],
22 silly audit   '@types/fontkit': [ '2.0.8' ],
22 silly audit   '@types/hast': [ '3.0.4', '2.3.10' ],
22 silly audit   '@types/katex': [ '0.16.7' ],
22 silly audit   '@types/linkify-it': [ '5.0.0' ],
22 silly audit   '@types/markdown-it': [ '14.1.2' ],
22 silly audit   '@types/mdast': [ '4.0.4' ],
22 silly audit   '@types/mdurl': [ '2.0.0' ],
22 silly audit   '@types/minimist': [ '1.2.5' ],
22 silly audit   '@types/ms': [ '2.1.0' ],
22 silly audit   '@types/nlcst': [ '2.0.3' ],
22 silly audit   '@types/node': [ '24.10.1', '12.20.55', '17.0.45' ],
22 silly audit   '@types/normalize-package-data': [ '2.4.4' ],
22 silly audit   '@types/parse-json': [ '4.0.2' ],
22 silly audit   '@types/resolve': [ '1.17.1' ],
22 silly audit   '@types/sanitize-html': [ '2.16.0' ],
22 silly audit   '@types/sax': [ '1.2.7' ],
22 silly audit   '@types/tar': [ '6.1.13' ],
22 silly audit   '@types/through2': [ '2.0.41' ],
22 silly audit   '@types/unist': [ '3.0.3', '2.0.11' ],
22 silly audit   '@types/yauzl': [ '2.10.3' ],
22 silly audit   '@ungap/structured-clone': [ '1.3.0' ],
22 silly audit   '@volar/kit': [ '2.4.23' ],
22 silly audit   '@volar/language-core': [ '2.4.23' ],
22 silly audit   '@volar/language-server': [ '2.4.23' ],
22 silly audit   '@volar/language-service': [ '2.4.23' ],
22 silly audit   '@volar/source-map': [ '2.4.23' ],
22 silly audit   '@volar/typescript': [ '2.4.23' ],
22 silly audit   '@vscode/emmet-helper': [ '2.11.0' ],
22 silly audit   '@vscode/l10n': [ '0.0.18' ],
22 silly audit   '@xmldom/xmldom': [ '0.8.11' ],
22 silly audit   abbrev: [ '1.1.1' ],
22 silly audit   acorn: [ '8.15.0' ],
22 silly audit   'agent-base': [ '6.0.2' ],
22 silly audit   agentkeepalive: [ '4.6.0' ],
22 silly audit   'aggregate-error': [ '3.1.0' ],
22 silly audit   ajv: [ '8.17.1' ],
22 silly audit   'ajv-draft-04': [ '1.0.0' ],
22 silly audit   'ansi-align': [ '3.0.1' ],
22 silly audit   'ansi-regex': [ '5.0.1', '6.2.2', '2.1.1' ],
22 silly audit   'strip-ansi': [ '6.0.1', '3.0.1', '7.1.2' ],
22 silly audit   'ansi-styles': [ '6.2.3', '4.3.0', '2.2.1' ],
22 silly audit   'any-promise': [ '1.3.0' ],
22 silly audit   anymatch: [ '3.1.3' ],
22 silly audit   'append-buffer': [ '1.0.2' ],
22 silly audit   aproba: [ '2.1.0' ],
22 silly audit   'are-we-there-yet': [ '3.0.1' ],
22 silly audit   'readable-stream': [ '3.6.2', '2.3.8' ],
22 silly audit   arg: [ '5.0.2' ],
22 silly audit   argparse: [ '2.0.1' ],
22 silly audit   'aria-query': [ '5.3.2' ],
22 silly audit   'array-buffer-byte-length': [ '1.0.2' ],
22 silly audit   'array-iterate': [ '2.0.1' ],
22 silly audit   'arraybuffer.prototype.slice': [ '1.0.4' ],
22 silly audit   arrify: [ '1.0.1' ],
22 silly audit   astro: [ '5.15.8' ],
22 silly audit   'astro-expressive-code': [ '0.41.3' ],
22 silly audit   'astro-icon': [ '1.1.5' ],
22 silly audit   async: [ '3.2.6' ],
22 silly audit   'async-function': [ '1.0.0' ],
22 silly audit   asynckit: [ '0.4.0' ],
22 silly audit   asyncro: [ '3.0.0' ],
22 silly audit   autoprefixer: [ '10.4.22' ],
22 silly audit   'available-typed-arrays': [ '1.0.7' ],
22 silly audit   axios: [ '1.13.2' ],
22 silly audit   'axobject-query': [ '4.1.0' ],
22 silly audit   b3b: [ '0.0.1' ],
22 silly audit   'babel-plugin-macros': [ '3.1.0' ],
22 silly audit   'babel-plugin-polyfill-corejs2': [ '0.4.14' ],
22 silly audit   'babel-plugin-polyfill-corejs3': [ '0.13.0' ],
22 silly audit   'babel-plugin-polyfill-regenerator': [ '0.6.5' ],
22 silly audit   'babel-plugin-transform-async-to-promises': [ '0.8.18' ],
22 silly audit   'babel-plugin-transform-replace-expressions': [ '0.2.0' ],
22 silly audit   bail: [ '2.0.2' ],
22 silly audit   'balanced-match': [ '1.0.2' ],
22 silly audit   'base-64': [ '1.0.0' ],
22 silly audit   'base64-js': [ '1.5.1', '0.0.8' ],
22 silly audit   'baseline-browser-mapping': [ '2.8.28' ],
22 silly audit   'bcp-47-match': [ '2.0.3' ],
22 silly audit   bcryptjs: [ '3.0.3' ],
22 silly audit   'binary-extensions': [ '2.3.0' ],
22 silly audit   bindings: [ '1.5.0' ],
22 silly audit   boolbase: [ '1.0.0' ],
22 silly audit   boxen: [ '8.0.1' ],
22 silly audit   braces: [ '3.0.3' ],
22 silly audit   brotli: [ '1.3.3' ],
22 silly audit   'brotli-size': [ '4.0.0' ],
22 silly audit   browserslist: [ '4.28.0' ],
22 silly audit   'buffer-crc32': [ '0.2.13' ],
22 silly audit   'buffer-equal': [ '1.0.1' ],
22 silly audit   'buffer-from': [ '1.1.2' ],
22 silly audit   'buffer-to-vinyl': [ '1.1.0' ],
22 silly audit   bufferstreams: [ '3.0.0' ],
22 silly audit   'builtin-modules': [ '3.3.0' ],
22 silly audit   cacache: [ '16.1.3' ],
22 silly audit   minipass: [ '3.3.6', '7.1.2', '4.2.8', '5.0.0' ],
22 silly audit   'call-bind': [ '1.0.8' ],
22 silly audit   'call-bind-apply-helpers': [ '1.0.2' ],
22 silly audit   'call-bound': [ '1.0.4' ],
22 silly audit   callsites: [ '3.1.0' ],
22 silly audit   camelcase: [ '8.0.0', '5.3.1', '6.3.0' ],
22 silly audit   'camelcase-css': [ '2.0.1' ],
22 silly audit   'camelcase-keys': [ '6.2.2' ],
22 silly audit   camelize: [ '1.0.1' ],
22 silly audit   'caniuse-api': [ '3.0.0' ],
22 silly audit   'caniuse-lite': [ '1.0.30001755' ],
22 silly audit   ccount: [ '2.0.1' ],
22 silly audit   chalk: [ '5.6.2', '1.1.3', '4.1.2' ],
22 silly audit   'character-entities': [ '2.0.2' ],
22 silly audit   'character-entities-html4': [ '2.1.0' ],
22 silly audit   'character-entities-legacy': [ '3.0.0' ],
22 silly audit   'character-reference-invalid': [ '2.0.1' ],
22 silly audit   cheerio: [ '1.0.0' ],
22 silly audit   'cheerio-select': [ '2.1.0' ],
22 silly audit   htmlparser2: [ '9.1.0', '8.0.2' ],
22 silly audit   chokidar: [ '4.0.3', '3.6.0' ],
22 silly audit   chownr: [ '2.0.0' ],
22 silly audit   'ci-info': [ '4.3.1' ],
22 silly audit   'clean-stack': [ '2.2.0' ],
22 silly audit   'cli-boxes': [ '3.0.0' ],
22 silly audit   cliui: [ '8.0.1' ],
22 silly audit   clone: [ '2.1.2', '1.0.4' ],
22 silly audit   'clone-buffer': [ '1.0.0' ],
22 silly audit   'clone-stats': [ '0.0.1', '1.0.0' ],
22 silly audit   'cloneable-readable': [ '1.1.3' ],
22 silly audit   clsx: [ '2.1.1' ],
22 silly audit   'code-point': [ '1.1.0' ],
22 silly audit   'code-points': [ '2.0.0-1' ],
22 silly audit   'color-convert': [ '2.0.1' ],
22 silly audit   'color-name': [ '1.1.4' ],
22 silly audit   'color-support': [ '1.1.3' ],
22 silly audit   colord: [ '2.9.3' ],
22 silly audit   'combined-stream': [ '1.0.8' ],
22 silly audit   'comma-separated-tokens': [ '2.0.3' ],
22 silly audit   commander: [ '8.3.0', '7.2.0', '4.1.1', '2.20.3' ],
22 silly audit   'common-ancestor-path': [ '1.0.1' ],
22 silly audit   commondir: [ '1.0.1' ],
22 silly audit   'concat-map': [ '0.0.1' ],
22 silly audit   'concat-stream': [ '2.0.0' ],
22 silly audit   'concat-with-sourcemaps': [ '1.1.0' ],
22 silly audit   'source-map': [ '0.6.1', '0.7.6' ],
22 silly audit   'console-control-strings': [ '1.1.0' ],
22 silly audit   'convert-source-map': [ '2.0.0', '1.9.0' ],
22 silly audit   cookie: [ '1.0.2' ],
22 silly audit   'cookie-es': [ '1.2.2' ],
22 silly audit   'core-js-compat': [ '3.46.0' ],
22 silly audit   'core-util-is': [ '1.0.3' ],
22 silly audit   cosmiconfig: [ '7.1.0' ],
22 silly audit   yaml: [ '1.10.2', '2.8.1', '2.7.1' ],
22 silly audit   'cross-spawn': [ '7.0.6' ],
22 silly audit   crossws: [ '0.3.5' ],
22 silly audit   'crypto-js': [ '4.2.0' ],
22 silly audit   'css-background-parser': [ '0.1.0' ],
22 silly audit   'css-box-shadow': [ '1.0.0-3' ],
22 silly audit   'css-color-keywords': [ '1.0.0' ],
22 silly audit   'css-declaration-sorter': [ '6.4.1' ],
22 silly audit   'css-gradient-parser': [ '0.0.17' ],
22 silly audit   'css-select': [ '5.2.2', '4.3.0' ],
22 silly audit   'css-selector-parser': [ '3.1.3' ],
22 silly audit   'css-to-react-native': [ '3.2.0' ],
22 silly audit   'css-tree': [ '2.3.1', '2.2.1', '1.1.3', '3.1.0' ],
22 silly audit   'css-what': [ '6.2.2' ],
22 silly audit   cssesc: [ '3.0.0' ],
22 silly audit   cssnano: [ '5.1.15' ],
22 silly audit   'cssnano-preset-default': [ '5.2.14' ],
22 silly audit   'cssnano-utils': [ '3.1.0' ],
22 silly audit   lilconfig: [ '2.1.0', '3.1.3' ],
22 silly audit   csso: [ '5.0.5', '4.2.0' ],
22 silly audit   'mdn-data': [ '2.0.28', '2.0.30', '2.0.14', '2.12.2' ],
22 silly audit   'd3-dispatch': [ '3.0.1' ],
22 silly audit   'd3-force': [ '3.0.0' ],
22 silly audit   'd3-quadtree': [ '3.0.1' ],
22 silly audit   'd3-timer': [ '3.0.1' ],
22 silly audit   'data-view-buffer': [ '1.0.2' ],
22 silly audit   'data-view-byte-length': [ '1.0.2' ],
22 silly audit   'data-view-byte-offset': [ '1.0.1' ],
22 silly audit   dayjs: [ '1.11.19' ],
22 silly audit   debug: [ '4.4.3' ],
22 silly audit   decamelize: [ '1.2.0' ],
22 silly audit   'decamelize-keys': [ '1.1.1' ],
22 silly audit   'map-obj': [ '1.0.1', '4.3.0' ],
22 silly audit   'decode-named-character-reference': [ '1.2.0' ],
22 silly audit   'dedent-js': [ '1.0.1' ],
22 silly audit   deepmerge: [ '4.3.1' ],
22 silly audit   'define-data-property': [ '1.1.4' ],
22 silly audit   'define-lazy-prop': [ '2.0.0' ],
22 silly audit   'define-properties': [ '1.2.1' ],
22 silly audit   defu: [ '6.1.4' ],
22 silly audit   'delayed-stream': [ '1.0.0' ],
22 silly audit   'delegate-it': [ '6.3.0' ],
22 silly audit   delegates: [ '1.0.0' ],
22 silly audit   dequal: [ '2.0.3' ],
22 silly audit   destr: [ '2.0.5' ],
22 silly audit   'detect-libc': [ '2.1.2' ],
22 silly audit   'deterministic-object-hash': [ '2.0.2' ],
22 silly audit   devalue: [ '5.5.0' ],
22 silly audit   devlop: [ '1.1.0' ],
22 silly audit   dfa: [ '1.2.0' ],
22 silly audit   didyoumean: [ '1.2.2' ],
22 silly audit   diff: [ '5.2.0' ],
22 silly audit   direction: [ '2.0.1' ],
22 silly audit   dlv: [ '1.1.3' ],
22 silly audit   'dom-serializer': [ '2.0.0', '1.4.1' ],
22 silly audit   domelementtype: [ '2.3.0' ],
22 silly audit   domhandler: [ '5.0.3', '4.3.1' ],
22 silly audit   domutils: [ '3.2.2', '2.8.0' ],
22 silly audit   dset: [ '3.1.4' ],
22 silly audit   'dunder-proto': [ '1.0.1' ],
22 silly audit   duplexer: [ '0.1.1', '0.1.2' ],
22 silly audit   duplexify: [ '3.7.1' ],
22 silly audit   eastasianwidth: [ '0.2.0' ],
22 silly audit   ejs: [ '3.1.10' ],
22 silly audit   'electron-to-chromium': [ '1.5.254' ],
22 silly audit   emmet: [ '2.4.11' ],
22 silly audit   'emoji-regex-xs': [ '2.0.1' ],
22 silly audit   encoding: [ '0.1.13' ],
22 silly audit   'encoding-sniffer': [ '0.2.1' ],
22 silly audit   'end-of-stream': [ '1.4.5' ],
22 silly audit   entities: [ '4.5.0', '6.0.1', '2.2.0' ],
22 silly audit   'env-paths': [ '2.2.1' ],
22 silly audit   'err-code': [ '2.0.3' ],
22 silly audit   'error-ex': [ '1.3.4' ],
22 silly audit   'es-abstract': [ '1.24.0' ],
22 silly audit   'es-define-property': [ '1.0.1' ],
22 silly audit   'es-errors': [ '1.3.0' ],
22 silly audit   'es-module-lexer': [ '1.7.0' ],
22 silly audit   'es-object-atoms': [ '1.1.1' ],
22 silly audit   'es-set-tostringtag': [ '2.1.0' ],
22 silly audit   'es-to-primitive': [ '1.3.0' ],
22 silly audit   esbuild: [ '0.25.12' ],
22 silly audit   escalade: [ '3.2.0' ],
22 silly audit   'escape-html': [ '1.0.3' ],
22 silly audit   'escape-string-regexp': [ '5.0.0', '1.0.5', '4.0.0' ],
22 silly audit   'esm-env': [ '1.2.2' ],
22 silly audit   esrap: [ '2.1.2' ],
22 silly audit   esutils: [ '2.0.3' ],
22 silly audit   eventemitter3: [ '5.0.1', '4.0.7' ],
22 silly audit   'exponential-backoff': [ '3.1.3' ],
22 silly audit   'expressive-code': [ '0.41.3' ],
22 silly audit   exsolve: [ '1.0.8' ],
22 silly audit   extend: [ '3.0.2' ],
22 silly audit   'extract-zip': [ '2.0.1' ],
22 silly audit   'fast-deep-equal': [ '3.1.3' ],
22 silly audit   'fast-glob': [ '3.3.3' ],
22 silly audit   'fast-uri': [ '3.1.0' ],
22 silly audit   'fast-xml-parser': [ '5.3.2', '4.5.3' ],
22 silly audit   fastq: [ '1.19.1' ],
22 silly audit   'fd-slicer': [ '1.1.0' ],
22 silly audit   fdir: [ '6.5.0' ],
22 silly audit   fflate: [ '0.7.4' ],
22 silly audit   figures: [ '1.7.0' ],
22 silly audit   'file-type': [ '3.9.0' ],
22 silly audit   'file-uri-to-path': [ '1.0.0' ],
22 silly audit   filelist: [ '1.0.4' ],
22 silly audit   filesize: [ '6.4.0' ],
22 silly audit   'fill-range': [ '7.1.1' ],
22 silly audit   'find-cache-dir': [ '3.3.2' ],
22 silly audit   'find-up': [ '4.1.0' ],
22 silly audit   flattie: [ '1.1.1' ],
22 silly audit   'flush-write-stream': [ '1.1.1' ],
22 silly audit   'focus-options-polyfill': [ '1.6.0' ],
22 silly audit   'follow-redirects': [ '1.15.11' ],
22 silly audit   fontace: [ '0.3.1' ],
22 silly audit   'fonteditor-core': [ '2.4.1' ],
22 silly audit   fontkit: [ '2.0.4' ],
22 silly audit   fontmin: [ '1.1.1' ],
22 silly audit   pako: [ '2.1.0', '0.2.9' ],
22 silly audit   'for-each': [ '0.3.5' ],
22 silly audit   'foreground-child': [ '3.3.1' ],
22 silly audit   'form-data': [ '4.0.4' ],
22 silly audit   'fraction.js': [ '5.3.4' ],
22 silly audit   'fs-extra': [ '10.1.0' ],
22 silly audit   'fs-minipass': [ '2.1.0' ],
22 silly audit   'fs-mkdirp-stream': [ '1.0.0' ],
22 silly audit   through2: [ '2.0.5', '4.0.2' ],
22 silly audit   'fs.realpath': [ '1.0.0' ],
22 silly audit   fsevents: [ '2.3.3' ],
22 silly audit   'function-bind': [ '1.1.2' ],
22 silly audit   'function.prototype.name': [ '1.1.8' ],
22 silly audit   'functions-have-names': [ '1.2.3' ],
22 silly audit   gauge: [ '4.0.4' ],
22 silly audit   'signal-exit': [ '3.0.7', '4.1.0' ],
22 silly audit   'generator-function': [ '2.0.1' ],
22 silly audit   'generic-names': [ '4.0.0' ],
22 silly audit   gensync: [ '1.0.0-beta.2' ],
22 silly audit   'get-caller-file': [ '2.0.5' ],
22 silly audit   'get-east-asian-width': [ '1.4.0' ],
22 silly audit   'get-intrinsic': [ '1.3.0' ],
22 silly audit   'get-proto': [ '1.0.1' ],
22 silly audit   'get-stdin': [ '8.0.0' ],
22 silly audit   'get-stream': [ '5.2.0' ],
22 silly audit   'get-symbol-description': [ '1.1.0' ],
22 silly audit   'github-slugger': [ '2.0.0' ],
22 silly audit   'glob-parent': [ '5.1.2', '3.1.0', '6.0.2' ],
22 silly audit   'glob-stream': [ '6.1.0' ],
22 silly audit   'is-glob': [ '3.1.0', '4.0.3' ],
22 silly audit   globals: [ '15.15.0' ],
22 silly audit   globalthis: [ '1.0.4' ],
22 silly audit   globalyzer: [ '0.1.0' ],
22 silly audit   globrex: [ '0.1.2' ],
22 silly audit   gopd: [ '1.2.0' ],
22 silly audit   'graceful-fs': [ '4.2.11' ],
22 silly audit   'gzip-size': [ '6.0.0', '3.0.0' ],
22 silly audit   h3: [ '1.15.4' ],
22 silly audit   'hard-rejection': [ '2.1.0' ],
22 silly audit   'has-ansi': [ '2.0.0' ],
22 silly audit   'has-bigints': [ '1.1.0' ],
22 silly audit   'has-flag': [ '4.0.0' ],
22 silly audit   'has-property-descriptors': [ '1.0.2' ],
22 silly audit   'has-proto': [ '1.2.0' ],
22 silly audit   'has-symbols': [ '1.1.0' ],
22 silly audit   'has-tostringtag': [ '1.0.2' ],
22 silly audit   'has-unicode': [ '2.0.1' ],
22 silly audit   hasown: [ '2.0.2' ],
22 silly audit   'hast-util-from-dom': [ '5.0.1' ],
22 silly audit   'hast-util-from-html': [ '2.0.3' ],
22 silly audit   'hast-util-from-html-isomorphic': [ '2.0.0' ],
22 silly audit   'hast-util-from-parse5': [ '8.0.3' ],
22 silly audit   'hast-util-has-property': [ '3.0.0' ],
22 silly audit   'hast-util-heading-rank': [ '3.0.0' ],
22 silly audit   'hast-util-is-element': [ '3.0.0' ],
22 silly audit   'hast-util-parse-selector': [ '4.0.0', '3.1.1' ],
22 silly audit   'hast-util-raw': [ '9.1.0' ],
22 silly audit   'hast-util-select': [ '6.0.4' ],
22 silly audit   'hast-util-to-html': [ '9.0.5' ],
22 silly audit   'hast-util-to-parse5': [ '8.0.0' ],
22 silly audit   'property-information': [ '6.5.0', '7.1.0' ],
22 silly audit   'hast-util-to-string': [ '3.0.1' ],
22 silly audit   'hast-util-to-text': [ '4.0.2' ],
22 silly audit   'hast-util-whitespace': [ '3.0.0' ],
22 silly audit   hastscript: [ '9.0.1', '7.2.0' ],
22 silly audit   he: [ '1.2.0' ],
22 silly audit   'hex-rgb': [ '4.3.0' ],
22 silly audit   'hosted-git-info': [ '4.1.0', '2.8.9' ],
22 silly audit   'html-escaper': [ '3.0.3' ],
22 silly audit   'html-void-elements': [ '3.0.0' ],
22 silly audit   'http-cache-semantics': [ '4.2.0' ],
22 silly audit   'http-proxy-agent': [ '5.0.0' ],
22 silly audit   'https-proxy-agent': [ '5.0.1' ],
22 silly audit   'humanize-ms': [ '1.2.1' ],
22 silly audit   'iconv-lite': [ '0.6.3' ],
22 silly audit   'icss-replace-symbols': [ '1.1.0' ],
22 silly audit   'icss-utils': [ '5.1.0' ],
22 silly audit   'import-cwd': [ '3.0.0' ],
22 silly audit   'import-fresh': [ '3.3.1' ],
22 silly audit   'import-from': [ '3.0.0' ],
22 silly audit   'resolve-from': [ '5.0.0', '4.0.0' ],
22 silly audit   'import-meta-resolve': [ '4.2.0' ],
22 silly audit   imurmurhash: [ '0.1.4' ],
22 silly audit   'indent-string': [ '4.0.0' ],
22 silly audit   'infer-owner': [ '1.0.4' ],
22 silly audit   inflight: [ '1.0.6' ],
22 silly audit   inherits: [ '2.0.4' ],
22 silly audit   'internal-slot': [ '1.1.0' ],
22 silly audit   interpret: [ '1.4.0' ],
22 silly audit   'ip-address': [ '10.1.0' ],
22 silly audit   'iron-webcrypto': [ '1.2.1' ],
22 silly audit   'is-absolute': [ '1.0.0' ],
22 silly audit   'is-alphabetical': [ '2.0.1' ],
22 silly audit   'is-alphanumerical': [ '2.0.1' ],
22 silly audit   'is-array-buffer': [ '3.0.5' ],
22 silly audit   'is-arrayish': [ '0.2.1' ],
22 silly audit   'is-async-function': [ '2.1.1' ],
22 silly audit   'is-bigint': [ '1.1.0' ],
22 silly audit   'is-binary-path': [ '2.1.0' ],
22 silly audit   'is-boolean-object': [ '1.2.2' ],
22 silly audit   'is-buffer': [ '1.1.6' ],
22 silly audit   'is-callable': [ '1.2.7' ],
22 silly audit   'is-core-module': [ '2.16.1' ],
22 silly audit   'is-data-view': [ '1.0.2' ],
22 silly audit   'is-date-object': [ '1.1.0' ],
22 silly audit   'is-decimal': [ '2.0.1' ],
22 silly audit   'is-docker': [ '3.0.0', '2.2.1' ],
22 silly audit   'is-extglob': [ '2.1.1' ],
22 silly audit   'is-finalizationregistry': [ '1.1.1' ],
22 silly audit   'is-fullwidth-code-point': [ '3.0.0' ],
22 silly audit   'is-generator-function': [ '1.1.2' ],
22 silly audit   'is-hexadecimal': [ '2.0.1' ],
22 silly audit   'is-inside-container': [ '1.0.0' ],
22 silly audit   'is-lambda': [ '1.0.1' ],
22 silly audit   'is-map': [ '2.0.3' ],
22 silly audit   'is-module': [ '1.0.0' ],
22 silly audit   'is-negated-glob': [ '1.0.0' ],
22 silly audit   'is-negative-zero': [ '2.0.3' ],
22 silly audit   'is-number': [ '7.0.0' ],
22 silly audit   'is-number-object': [ '1.1.1' ],
22 silly audit   'is-otf': [ '0.1.2' ],
22 silly audit   'is-plain-obj': [ '4.1.0', '1.1.0' ],
22 silly audit   'is-plain-object': [ '5.0.0' ],
22 silly audit   'is-regex': [ '1.2.1' ],
22 silly audit   'is-relative': [ '1.0.0' ],
22 silly audit   'is-set': [ '2.0.3' ],
22 silly audit   'is-shared-array-buffer': [ '1.0.4' ],
22 silly audit   'is-string': [ '1.1.1' ],
22 silly audit   'is-svg': [ '4.4.0' ],
22 silly audit   strnum: [ '1.1.2', '2.1.1' ],
22 silly audit   'is-symbol': [ '1.1.1' ],
22 silly audit   'is-ttf': [ '0.2.2' ],
22 silly audit   'is-typed-array': [ '1.1.15' ],
22 silly audit   'is-unc-path': [ '1.0.0' ],
22 silly audit   'is-utf8': [ '0.2.1' ],
22 silly audit   'is-valid-glob': [ '1.0.0' ],
22 silly audit   'is-weakmap': [ '2.0.2' ],
22 silly audit   'is-weakref': [ '1.1.1' ],
22 silly audit   'is-weakset': [ '2.0.4' ],
22 silly audit   'is-windows': [ '1.0.2' ],
22 silly audit   'is-wsl': [ '3.1.0', '2.2.0' ],
22 silly audit   isarray: [ '2.0.5', '1.0.0' ],
22 silly audit   isexe: [ '2.0.0' ],
22 silly audit   jackspeak: [ '3.4.3' ],
22 silly audit   jake: [ '10.9.4' ],
22 silly audit   'jest-worker': [ '26.6.2' ],
22 silly audit   jiti: [ '1.21.7' ],
22 silly audit   'js-tokens': [ '4.0.0' ],
22 silly audit   jsesc: [ '3.1.0' ],
22 silly audit   'json-parse-even-better-errors': [ '2.3.1' ],
22 silly audit   'json-schema-traverse': [ '1.0.0' ],
22 silly audit   'json-stable-stringify-without-jsonify': [ '1.0.1' ],
22 silly audit   json5: [ '2.2.3' ],
22 silly audit   'jsonc-parser': [ '2.3.1', '3.3.1' ],
22 silly audit   jsonfile: [ '6.2.0' ],
22 silly audit   katex: [ '0.16.25' ],
22 silly audit   'kind-of': [ '6.0.3' ],
22 silly audit   kleur: [ '4.1.5', '3.0.3' ],
22 silly audit   kolorist: [ '1.8.0' ],
22 silly audit   lazystream: [ '1.0.1' ],
22 silly audit   lead: [ '1.0.0' ],
22 silly audit   linebreak: [ '1.1.0' ],
22 silly audit   'lines-and-columns': [ '1.2.4' ],
22 silly audit   'linkify-it': [ '5.0.0' ],
22 silly audit   'loader-utils': [ '3.3.1' ],
22 silly audit   'locate-character': [ '3.0.0' ],
22 silly audit   'locate-path': [ '5.0.0' ],
22 silly audit   lodash: [ '4.17.21' ],
22 silly audit   'lodash.camelcase': [ '4.3.0' ],
22 silly audit   'lodash.debounce': [ '4.0.8' ],
22 silly audit   'lodash.memoize': [ '4.1.2' ],
22 silly audit   'lodash.merge': [ '4.6.2' ],
22 silly audit   'lodash.uniq': [ '4.5.0' ],
22 silly audit   'longest-streak': [ '3.1.0' ],
22 silly audit   magicast: [ '0.5.1' ],
22 silly audit   'make-dir': [ '3.1.0' ],
22 silly audit   'make-fetch-happen': [ '10.2.1' ],
22 silly audit   'markdown-it': [ '14.1.0' ],
22 silly audit   'markdown-table': [ '3.0.4' ],
22 silly audit   marked: [ '16.4.2' ],
22 silly audit   'math-intrinsics': [ '1.1.0' ],
22 silly audit   maxmin: [ '2.1.0' ],
22 silly audit   'pretty-bytes': [ '3.0.1', '5.6.0' ],
22 silly audit   'supports-color': [ '2.0.0', '7.2.0' ],
22 silly audit   'mdast-util-definitions': [ '6.0.0' ],
22 silly audit   'mdast-util-directive': [ '3.1.0' ],
22 silly audit   'mdast-util-find-and-replace': [ '3.0.2' ],
22 silly audit   'mdast-util-from-markdown': [ '2.0.2' ],
22 silly audit   'mdast-util-gfm': [ '3.1.0' ],
22 silly audit   'mdast-util-gfm-autolink-literal': [ '2.0.1' ],
22 silly audit   'mdast-util-gfm-footnote': [ '2.1.0' ],
22 silly audit   'mdast-util-gfm-strikethrough': [ '2.0.0' ],
22 silly audit   'mdast-util-gfm-table': [ '2.0.0' ],
22 silly audit   'mdast-util-gfm-task-list-item': [ '2.0.0' ],
22 silly audit   'mdast-util-math': [ '3.0.0' ],
22 silly audit   'mdast-util-phrasing': [ '4.1.0' ],
22 silly audit   'mdast-util-to-hast': [ '13.2.0' ],
22 silly audit   'mdast-util-to-markdown': [ '2.1.2' ],
22 silly audit   'mdast-util-to-string': [ '4.0.0' ],
22 silly audit   mdurl: [ '2.0.0' ],
22 silly audit   meow: [ '9.0.0' ],
22 silly audit   'type-fest': [ '0.18.1', '0.8.1', '0.6.0', '4.41.0' ],
22 silly audit   'yargs-parser': [ '20.2.9', '21.1.1' ],
22 silly audit   'merge-stream': [ '2.0.0' ],
22 silly audit   merge2: [ '1.4.1' ],
22 silly audit   microbundle: [ '0.15.1' ],
22 silly audit   typescript: [ '4.9.5', '5.9.3' ],
22 silly audit   micromark: [ '4.0.2' ],
22 silly audit   'micromark-core-commonmark': [ '2.0.3' ],
22 silly audit   'micromark-extension-directive': [ '3.0.2' ],
22 silly audit   'micromark-extension-gfm': [ '3.0.0' ],
22 silly audit   'micromark-extension-gfm-autolink-literal': [ '2.1.0' ],
22 silly audit   'micromark-extension-gfm-footnote': [ '2.1.0' ],
22 silly audit   'micromark-extension-gfm-strikethrough': [ '2.1.0' ],
22 silly audit   'micromark-extension-gfm-table': [ '2.1.1' ],
22 silly audit   'micromark-extension-gfm-tagfilter': [ '2.0.0' ],
22 silly audit   'micromark-extension-gfm-task-list-item': [ '2.1.0' ],
22 silly audit   'micromark-extension-math': [ '3.1.0' ],
22 silly audit   'micromark-factory-destination': [ '2.0.1' ],
22 silly audit   'micromark-factory-label': [ '2.0.1' ],
22 silly audit   'micromark-factory-space': [ '2.0.1' ],
22 silly audit   'micromark-factory-title': [ '2.0.1' ],
22 silly audit   'micromark-factory-whitespace': [ '2.0.1' ],
22 silly audit   'micromark-util-character': [ '2.1.1' ],
22 silly audit   'micromark-util-chunked': [ '2.0.1' ],
22 silly audit   'micromark-util-classify-character': [ '2.0.1' ],
22 silly audit   'micromark-util-combine-extensions': [ '2.0.1' ],
22 silly audit   'micromark-util-decode-numeric-character-reference': [ '2.0.2' ],
22 silly audit   'micromark-util-decode-string': [ '2.0.1' ],
22 silly audit   'micromark-util-encode': [ '2.0.1' ],
22 silly audit   'micromark-util-html-tag-name': [ '2.0.1' ],
22 silly audit   'micromark-util-normalize-identifier': [ '2.0.1' ],
22 silly audit   'micromark-util-resolve-all': [ '2.0.1' ],
22 silly audit   'micromark-util-sanitize-uri': [ '2.0.1' ],
22 silly audit   'micromark-util-subtokenize': [ '2.1.0' ],
22 silly audit   'micromark-util-symbol': [ '2.0.1' ],
22 silly audit   'micromark-util-types': [ '2.0.2' ],
22 silly audit   micromatch: [ '4.0.8' ],
22 silly audit   'mime-db': [ '1.52.0' ],
22 silly audit   'mime-types': [ '2.1.35' ],
22 silly audit   'min-indent': [ '1.0.1' ],
22 silly audit   'minimist-options': [ '4.1.0' ],
22 silly audit   'minipass-collect': [ '1.0.2' ],
22 silly audit   'minipass-fetch': [ '2.1.2' ],
22 silly audit   'minipass-flush': [ '1.0.5' ],
22 silly audit   'minipass-pipeline': [ '1.2.4' ],
22 silly audit   'minipass-sized': [ '1.0.3' ],
22 silly audit   minizlib: [ '2.1.2' ],
22 silly audit   mkdirp: [ '1.0.4' ],
22 silly audit   mlly: [ '1.8.0' ],
22 silly audit   morphdom: [ '2.7.7' ],
22 silly audit   mri: [ '1.2.0' ],
22 silly audit   mrmime: [ '2.0.1' ],
22 silly audit   ms: [ '2.1.3' ],
22 silly audit   'muggle-string': [ '0.4.1' ],
22 silly audit   mz: [ '2.7.0' ],
22 silly audit   nan: [ '2.23.1' ],
22 silly audit   nanoid: [ '3.3.11' ],
22 silly audit   negotiator: [ '0.6.4' ],
22 silly audit   neotraverse: [ '0.6.18' ],
22 silly audit   'nlcst-to-string': [ '4.0.0' ],
22 silly audit   'node-fetch-native': [ '1.6.7' ],
22 silly audit   'node-gyp': [ '9.4.1' ],
22 silly audit   'node-html-parser': [ '7.0.1' ],
22 silly audit   'node-mock-http': [ '1.0.3' ],
22 silly audit   'node-releases': [ '2.0.27' ],
22 silly audit   nopt: [ '6.0.0' ],
22 silly audit   'normalize-package-data': [ '3.0.3', '2.5.0' ],
22 silly audit   'normalize-path': [ '3.0.0', '2.1.1' ],
22 silly audit   'normalize-range': [ '0.1.2' ],
22 silly audit   'normalize-url': [ '6.1.0' ],
22 silly audit   'now-and-later': [ '2.0.1' ],
22 silly audit   npmlog: [ '6.0.2' ],
22 silly audit   'nth-check': [ '2.1.1' ],
22 silly audit   'number-is-nan': [ '1.0.1' ],
22 silly audit   'object-assign': [ '4.1.1' ],
22 silly audit   'object-hash': [ '3.0.0' ],
22 silly audit   'object-inspect': [ '1.13.4' ],
22 silly audit   'object-keys': [ '1.1.1' ],
22 silly audit   'object.assign': [ '4.1.7' ],
22 silly audit   ofetch: [ '1.5.1' ],
22 silly audit   ohash: [ '2.0.11' ],
22 silly audit   once: [ '1.4.0' ],
22 silly audit   'oniguruma-parser': [ '0.12.1' ],
22 silly audit   'oniguruma-to-es': [ '4.3.3' ],
22 silly audit   open: [ '8.4.2' ],
22 silly audit   'opencollective-postinstall': [ '2.0.3' ],
22 silly audit   'ordered-read-streams': [ '1.0.1' ],
22 silly audit   overlayscrollbars: [ '2.12.0' ],
22 silly audit   'own-keys': [ '1.0.1' ],
22 silly audit   'p-finally': [ '1.0.0' ],
22 silly audit   'p-limit': [ '6.2.0', '2.3.0' ],
22 silly audit   'p-locate': [ '4.1.0' ],
22 silly audit   'p-map': [ '4.0.0' ],
22 silly audit   'p-queue': [ '8.1.1', '6.6.2' ],
22 silly audit   'p-timeout': [ '6.1.4', '3.2.0' ],
22 silly audit   'p-try': [ '2.2.0' ],
22 silly audit   'package-json-from-dist': [ '1.0.1' ],
22 silly audit   'package-manager-detector': [ '1.5.0' ],
22 silly audit   pagefind: [ '1.4.0' ],
22 silly audit   'parent-module': [ '1.0.1' ],
22 silly audit   'parse-css-color': [ '0.2.1' ],
22 silly audit   'parse-entities': [ '4.0.2' ],
22 silly audit   'parse-json': [ '5.2.0' ],
22 silly audit   'parse-latin': [ '7.0.0' ],
22 silly audit   'parse-srcset': [ '1.0.2' ],
22 silly audit   parse5: [ '7.3.0' ],
22 silly audit   'parse5-htmlparser2-tree-adapter': [ '7.1.0' ],
22 silly audit   'parse5-parser-stream': [ '7.1.2' ],
22 silly audit   'path-browserify': [ '1.0.1' ],
22 silly audit   'path-dirname': [ '1.0.2' ],
22 silly audit   'path-exists': [ '4.0.0' ],
22 silly audit   'path-is-absolute': [ '1.0.1' ],
22 silly audit   'path-key': [ '3.1.1' ],
22 silly audit   'path-parse': [ '1.0.7' ],
22 silly audit   'path-scurry': [ '1.11.1' ],
22 silly audit   'path-to-regexp': [ '6.3.0' ],
22 silly audit   'path-type': [ '4.0.0' ],
22 silly audit   pend: [ '1.2.0' ],
22 silly audit   photoswipe: [ '5.4.4' ],
22 silly audit   picocolors: [ '1.1.1' ],
22 silly audit   pify: [ '2.3.0', '5.0.0' ],
22 silly audit   pirates: [ '4.0.7' ],
22 silly audit   'pkg-dir': [ '4.2.0' ],
22 silly audit   'possible-typed-array-names': [ '1.1.0' ],
22 silly audit   postcss: [ '8.5.6' ],
22 silly audit   'postcss-calc': [ '8.2.4' ],
22 silly audit   'postcss-colormin': [ '5.3.1' ],
22 silly audit   'postcss-convert-values': [ '5.1.3' ],
22 silly audit   'postcss-discard-comments': [ '5.1.2' ],
22 silly audit   'postcss-discard-duplicates': [ '5.1.0' ],
22 silly audit   'postcss-discard-empty': [ '5.1.1' ],
22 silly audit   'postcss-discard-overridden': [ '5.1.0' ],
22 silly audit   'postcss-import': [ '16.1.1', '15.1.0' ],
22 silly audit   'postcss-js': [ '4.1.0' ],
22 silly audit   'postcss-load-config': [ '4.0.2', '3.1.4' ],
22 silly audit   'postcss-merge-longhand': [ '5.1.7' ],
22 silly audit   'postcss-merge-rules': [ '5.1.4' ],
22 silly audit   'postcss-minify-font-values': [ '5.1.0' ],
22 silly audit   'postcss-minify-gradients': [ '5.1.1' ],
22 silly audit   'postcss-minify-params': [ '5.1.4' ],
22 silly audit   'postcss-minify-selectors': [ '5.2.1' ],
22 silly audit   'postcss-modules': [ '4.3.1' ],
22 silly audit   'postcss-modules-extract-imports': [ '3.1.0' ],
22 silly audit   'postcss-modules-local-by-default': [ '4.2.0' ],
22 silly audit   'postcss-modules-scope': [ '3.2.1' ],
22 silly audit   'postcss-modules-values': [ '4.0.0' ],
22 silly audit   'postcss-nested': [ '6.2.0' ],
22 silly audit   'postcss-nesting': [ '13.0.2' ],
22 silly audit   'postcss-normalize-charset': [ '5.1.0' ],
22 silly audit   'postcss-normalize-display-values': [ '5.1.0' ],
22 silly audit   'postcss-normalize-positions': [ '5.1.1' ],
22 silly audit   'postcss-normalize-repeat-style': [ '5.1.1' ],
22 silly audit   'postcss-normalize-string': [ '5.1.0' ],
22 silly audit   'postcss-normalize-timing-functions': [ '5.1.0' ],
22 silly audit   'postcss-normalize-unicode': [ '5.1.1' ],
22 silly audit   'postcss-normalize-url': [ '5.1.0' ],
22 silly audit   'postcss-normalize-whitespace': [ '5.1.1' ],
22 silly audit   'postcss-ordered-values': [ '5.1.3' ],
22 silly audit   'postcss-reduce-initial': [ '5.1.2' ],
22 silly audit   'postcss-reduce-transforms': [ '5.1.0' ],
22 silly audit   'postcss-svgo': [ '5.1.0' ],
22 silly audit   svgo: [ '2.8.0', '3.3.2' ],
22 silly audit   'postcss-unique-selectors': [ '5.1.1' ],
22 silly audit   'postcss-value-parser': [ '4.2.0' ],
22 silly audit   prismjs: [ '1.30.0' ],
22 silly audit   'process-nextick-args': [ '2.0.1' ],
22 silly audit   'promise-inflight': [ '1.0.1' ],
22 silly audit   'promise-retry': [ '2.0.1' ],
22 silly audit   'promise.series': [ '0.2.0' ],
22 silly audit   prompts: [ '2.4.2' ],
22 silly audit   'proxy-from-env': [ '1.1.0' ],
22 silly audit   pump: [ '3.0.3', '2.0.1' ],
22 silly audit   pumpify: [ '1.5.1' ],
22 silly audit   'punycode.js': [ '2.3.1' ],
22 silly audit   quansync: [ '0.2.11' ],
22 silly audit   'queue-microtask': [ '1.2.3' ],
22 silly audit   'quick-lru': [ '4.0.1' ],
22 silly audit   radix3: [ '1.1.2' ],
22 silly audit   randombytes: [ '2.1.0' ],
22 silly audit   'read-cache': [ '1.0.0' ],
22 silly audit   'read-pkg': [ '5.2.0' ],
22 silly audit   'read-pkg-up': [ '7.0.1' ],
22 silly audit   'safe-buffer': [ '5.1.2', '5.2.1' ],
22 silly audit   readdirp: [ '4.1.2', '3.6.0' ],
22 silly audit   'reading-time': [ '1.5.0' ],
22 silly audit   rechoir: [ '0.6.2' ],
22 silly audit   redent: [ '3.0.0' ],
22 silly audit   'reflect.getprototypeof': [ '1.0.10' ],
22 silly audit   regenerate: [ '1.4.2' ],
22 silly audit   'regenerate-unicode-properties': [ '10.2.2' ],
22 silly audit   regex: [ '6.0.1' ],
22 silly audit   'regex-recursion': [ '6.0.2' ],
22 silly audit   'regex-utilities': [ '2.3.0' ],
22 silly audit   'regexp.prototype.flags': [ '1.5.4' ],
22 silly audit   'regexpu-core': [ '6.4.0' ],
22 silly audit   regjsgen: [ '0.8.0' ],
22 silly audit   regjsparser: [ '0.13.0' ],
22 silly audit   rehype: [ '13.0.2' ],
22 silly audit   'rehype-autolink-headings': [ '7.1.0' ],
22 silly audit   'rehype-components': [ '0.3.0' ],
22 silly audit   'rehype-expressive-code': [ '0.41.3' ],
22 silly audit   'rehype-katex': [ '7.0.1' ],
22 silly audit   'rehype-parse': [ '9.0.1' ],
22 silly audit   'rehype-raw': [ '7.0.0' ],
22 silly audit   'rehype-slug': [ '6.0.0' ],
22 silly audit   'rehype-stringify': [ '10.0.1' ],
22 silly audit   'remark-directive': [ '3.0.1' ],
22 silly audit   'remark-directive-rehype': [ '0.4.2' ],
22 silly audit   'remark-gfm': [ '4.0.1' ],
22 silly audit   'remark-github-admonitions-to-directives': [ '1.0.5' ],
22 silly audit   'remark-math': [ '6.0.0' ],
22 silly audit   'remark-parse': [ '11.0.0' ],
22 silly audit   'remark-rehype': [ '11.1.2' ],
22 silly audit   'remark-sectionize': [ '2.1.0' ],
22 silly audit   'unist-util-find-after': [ '4.0.1', '5.0.0' ],
22 silly audit   'unist-util-is': [ '5.2.1', '6.0.1' ],
22 silly audit   'unist-util-visit': [ '4.1.2', '5.0.0' ],
22 silly audit   'unist-util-visit-parents': [ '5.1.3', '6.0.2' ],
22 silly audit   'remark-smartypants': [ '3.0.2' ],
22 silly audit   'remark-stringify': [ '11.0.0' ],
22 silly audit   'remove-bom-buffer': [ '3.0.0' ],
22 silly audit   'remove-bom-stream': [ '1.2.0' ],
22 silly audit   'remove-trailing-separator': [ '1.1.0' ],
22 silly audit   'replace-ext': [ '2.0.0', '1.0.1', '0.0.1' ],
22 silly audit   'request-light': [ '0.7.0', '0.5.8' ],
22 silly audit   'require-directory': [ '2.1.1' ],
22 silly audit   'require-from-string': [ '2.0.2' ],
22 silly audit   resolve: [ '1.22.11' ],
22 silly audit   'resolve-options': [ '1.1.0' ],
22 silly audit   restructure: [ '3.0.2' ],
22 silly audit   retext: [ '9.0.0' ],
22 silly audit   'retext-latin': [ '4.0.0' ],
22 silly audit   'retext-smartypants': [ '6.2.0' ],
22 silly audit   'retext-stringify': [ '4.0.0' ],
22 silly audit   retry: [ '0.12.0' ],
22 silly audit   reusify: [ '1.1.0' ],
22 silly audit   rimraf: [ '3.0.2' ],
22 silly audit   rollup: [ '2.79.2', '4.53.3' ],
22 silly audit   'rollup-plugin-bundle-size': [ '1.0.3' ],
22 silly audit   'rollup-plugin-postcss': [ '4.0.2' ],
22 silly audit   'rollup-plugin-terser': [ '7.0.2' ],
22 silly audit   'rollup-plugin-typescript2': [ '0.32.1' ],
22 silly audit   'rollup-plugin-visualizer': [ '5.14.0' ],
22 silly audit   'rollup-pluginutils': [ '2.8.2' ],
22 silly audit   'run-parallel': [ '1.2.0' ],
22 silly audit   sade: [ '1.8.1' ],
22 silly audit   'safe-array-concat': [ '1.1.3' ],
22 silly audit   'safe-identifier': [ '0.4.2' ],
22 silly audit   'safe-push-apply': [ '1.0.0' ],
22 silly audit   'safe-regex-test': [ '1.1.0' ],
22 silly audit   'safer-buffer': [ '2.1.2' ],
22 silly audit   'sanitize-html': [ '2.17.0' ],
22 silly audit   satori: [ '0.18.3' ],
22 silly audit   sax: [ '1.4.3' ],
22 silly audit   scrl: [ '2.0.0' ],
22 silly audit   scule: [ '1.3.0' ],
22 silly audit   'serialize-javascript': [ '4.0.0' ],
22 silly audit   'set-blocking': [ '2.0.0' ],
22 silly audit   'set-function-length': [ '1.2.2' ],
22 silly audit   'set-function-name': [ '2.0.2' ],
22 silly audit   'set-proto': [ '1.0.0' ],
22 silly audit   sharp: [ '0.34.5' ],
22 silly audit   'shebang-command': [ '2.0.0' ],
22 silly audit   'shebang-regex': [ '3.0.0' ],
22 silly audit   shelljs: [ '0.8.5' ],
22 silly audit   'shelljs-live': [ '0.0.5' ],
22 silly audit   shiki: [ '3.15.0' ],
22 silly audit   'side-channel': [ '1.1.0' ],
22 silly audit   'side-channel-list': [ '1.0.0' ],
22 silly audit   'side-channel-map': [ '1.0.1' ],
22 silly audit   'side-channel-weakmap': [ '1.0.2' ],
22 silly audit   sisteransi: [ '1.0.5' ],
22 silly audit   sitemap: [ '8.0.2' ],
22 silly audit   slash: [ '3.0.0' ],
22 silly audit   'smart-buffer': [ '4.2.0' ],
22 silly audit   'smol-toml': [ '1.5.2' ],
22 silly audit   socks: [ '2.8.7' ],
22 silly audit   'socks-proxy-agent': [ '7.0.0' ],
22 silly audit   'source-map-js': [ '1.2.1' ],
22 silly audit   'source-map-support': [ '0.5.21' ],
22 silly audit   'sourcemap-codec': [ '1.4.8' ],
22 silly audit   'space-separated-tokens': [ '2.0.2' ],
22 silly audit   'spdx-correct': [ '3.2.0' ],
22 silly audit   'spdx-exceptions': [ '2.5.0' ],
22 silly audit   'spdx-expression-parse': [ '3.0.1' ],
22 silly audit   'spdx-license-ids': [ '3.0.22' ],
22 silly audit   ssri: [ '9.0.1' ],
22 silly audit   stable: [ '0.1.8' ],
22 silly audit   'stop-iteration-iterator': [ '1.1.0' ],
22 silly audit   'stream-combiner': [ '0.2.2' ],
22 silly audit   'stream-replace-string': [ '2.0.0' ],
22 silly audit   'stream-shift': [ '1.0.3' ],
22 silly audit   string_decoder: [ '1.1.1' ],
22 silly audit   'string-hash': [ '1.1.3' ],
22 silly audit   'string.prototype.codepointat': [ '0.2.1' ],
22 silly audit   'string.prototype.matchall': [ '4.0.12' ],
22 silly audit   'string.prototype.trim': [ '1.2.10' ],
22 silly audit   'string.prototype.trimend': [ '1.0.9' ],
22 silly audit   'string.prototype.trimstart': [ '1.0.8' ],
22 silly audit   'stringify-entities': [ '4.0.4' ],
22 silly audit   'strip-indent': [ '3.0.0' ],
22 silly audit   'style-inject': [ '0.3.0' ],
22 silly audit   stylehacks: [ '5.1.1' ],
22 silly audit   stylus: [ '0.64.0' ],
22 silly audit   sucrase: [ '3.35.0' ],
22 silly audit   'supports-preserve-symlinks-flag': [ '1.0.0' ],
22 silly audit   svelte: [ '5.44.1' ],
22 silly audit   svelte2tsx: [ '0.7.45' ],
22 silly audit   swup: [ '4.8.2' ],
22 silly audit   'swup-morph-plugin': [ '1.3.0' ],
22 silly audit   tailwindcss: [ '3.4.18' ],
22 silly audit   tar: [ '6.2.1' ],
22 silly audit   terser: [ '5.44.1' ],
22 silly audit   thenify: [ '3.3.1' ],
22 silly audit   'thenify-all': [ '1.6.0' ],
22 silly audit   through: [ '2.3.8' ],
22 silly audit   'through2-filter': [ '3.0.0' ],
22 silly audit   'tiny-glob': [ '0.2.9' ],
22 silly audit   'tiny-inflate': [ '1.0.3' ],
22 silly audit   tinyexec: [ '1.0.2' ],
22 silly audit   tinyglobby: [ '0.2.15' ],
22 silly audit   'to-absolute-glob': [ '2.0.2' ],
22 silly audit   'to-regex-range': [ '5.0.1' ],
22 silly audit   'to-through': [ '2.0.0' ],
22 silly audit   tosource: [ '2.0.0-alpha.3' ],
22 silly audit   'trim-lines': [ '3.0.1' ],
22 silly audit   'trim-newlines': [ '3.0.1' ],
22 silly audit   trough: [ '2.2.0' ],
22 silly audit   'ts-interface-checker': [ '0.1.13' ],
22 silly audit   tsconfck: [ '3.1.6' ],
22 silly audit   tslib: [ '2.8.1' ],
22 silly audit   ttf2woff2: [ '4.0.5' ],
22 silly audit   'typed-array-buffer': [ '1.0.3' ],
22 silly audit   'typed-array-byte-length': [ '1.0.3' ],
22 silly audit   'typed-array-byte-offset': [ '1.0.4' ],
22 silly audit   'typed-array-length': [ '1.0.7' ],
22 silly audit   'typed-query-selector': [ '2.12.0' ],
22 silly audit   typedarray: [ '0.0.6' ],
22 silly audit   'typesafe-path': [ '0.2.2' ],
22 silly audit   'typescript-auto-import-cache': [ '0.3.6' ],
22 silly audit   'uc.micro': [ '2.1.0' ],
22 silly audit   ufo: [ '1.6.1' ],
22 silly audit   ultrahtml: [ '1.6.0' ],
22 silly audit   'unbox-primitive': [ '1.1.0' ],
22 silly audit   'unc-path-regex': [ '0.1.2' ],
22 silly audit   uncrypto: [ '0.1.3' ],
22 silly audit   undici: [ '6.22.0' ],
22 silly audit   'undici-types': [ '7.16.0' ],
22 silly audit   'unicode-canonical-property-names-ecmascript': [ '2.0.1' ],
22 silly audit   'unicode-match-property-ecmascript': [ '2.0.0' ],
22 silly audit   'unicode-match-property-value-ecmascript': [ '2.2.1' ],
22 silly audit   'unicode-properties': [ '1.4.1' ],
22 silly audit   'unicode-property-aliases-ecmascript': [ '2.2.0' ],
22 silly audit   'unicode-trie': [ '2.0.0' ],
22 silly audit   unified: [ '11.0.5' ],
22 silly audit   unifont: [ '0.6.0' ],
22 silly audit   'unique-filename': [ '2.0.1' ],
22 silly audit   'unique-slug': [ '3.0.0' ],
22 silly audit   'unique-stream': [ '2.4.0' ],
22 silly audit   'unist-util-map': [ '3.1.3' ],
22 silly audit   'unist-util-modify-children': [ '4.0.0' ],
22 silly audit   'unist-util-position': [ '5.0.0' ],
22 silly audit   'unist-util-remove-position': [ '5.0.0' ],
22 silly audit   'unist-util-stringify-position': [ '4.0.0' ],
22 silly audit   'unist-util-visit-children': [ '3.0.0' ],
22 silly audit   universalify: [ '2.0.1' ],
22 silly audit   unstorage: [ '1.17.2' ],
22 silly audit   'update-browserslist-db': [ '1.1.4' ],
22 silly audit   'util-deprecate': [ '1.0.2' ],
22 silly audit   uuid: [ '2.0.3' ],
22 silly audit   'validate-npm-package-license': [ '3.0.4' ],
22 silly audit   'value-or-function': [ '3.0.0' ],
22 silly audit   vfile: [ '6.0.3' ],
22 silly audit   'vfile-location': [ '5.0.3' ],
22 silly audit   'vfile-message': [ '4.0.3' ],
22 silly audit   vinyl: [ '1.2.0', '2.2.1' ],
22 silly audit   'vinyl-fs': [ '3.0.3' ],
22 silly audit   'vinyl-sourcemap': [ '1.1.0' ],
22 silly audit   vite: [ '6.4.1' ],
22 silly audit   vitefu: [ '1.1.1' ],
22 silly audit   'volar-service-css': [ '0.0.66' ],
22 silly audit   'volar-service-emmet': [ '0.0.66' ],
22 silly audit   'volar-service-html': [ '0.0.66' ],
22 silly audit   'volar-service-prettier': [ '0.0.66' ],
22 silly audit   'volar-service-typescript': [ '0.0.66' ],
22 silly audit   'volar-service-typescript-twoslash-queries': [ '0.0.66' ],
22 silly audit   'volar-service-yaml': [ '0.0.66' ],
22 silly audit   'vscode-css-languageservice': [ '6.3.8' ],
22 silly audit   'vscode-html-languageservice': [ '5.6.0' ],
22 silly audit   'vscode-json-languageservice': [ '4.1.8' ],
22 silly audit   'vscode-jsonrpc': [ '8.2.0' ],
22 silly audit   'vscode-languageserver': [ '9.0.1' ],
22 silly audit   'vscode-languageserver-protocol': [ '3.17.5' ],
22 silly audit   'vscode-languageserver-textdocument': [ '1.0.12' ],
22 silly audit   'vscode-languageserver-types': [ '3.17.5' ],
22 silly audit   'vscode-nls': [ '5.2.0' ],
22 silly audit   'vscode-uri': [ '3.1.0' ],
22 silly audit   'web-namespaces': [ '2.0.1' ],
22 silly audit   'whatwg-encoding': [ '3.1.1' ],
22 silly audit   'whatwg-mimetype': [ '4.0.0' ],
22 silly audit   which: [ '2.0.2' ],
22 silly audit   'which-boxed-primitive': [ '1.1.1' ],
22 silly audit   'which-builtin-type': [ '1.2.1' ],
22 silly audit   'which-collection': [ '1.0.2' ],
22 silly audit   'which-pm-runs': [ '1.1.0' ],
22 silly audit   'which-typed-array': [ '1.1.19' ],
22 silly audit   'wide-align': [ '1.1.5' ],
22 silly audit   'widest-line': [ '5.0.0' ],
22 silly audit   wrappy: [ '1.0.2' ],
22 silly audit   xtend: [ '4.0.2' ],
22 silly audit   'xxhash-wasm': [ '1.1.0' ],
22 silly audit   y18n: [ '5.0.8' ],
22 silly audit   'yaml-language-server': [ '1.19.2' ],
22 silly audit   yargs: [ '17.7.2' ],
22 silly audit   yauzl: [ '2.10.0' ],
22 silly audit   'yocto-queue': [ '1.2.2' ],
22 silly audit   'yocto-spinner': [ '0.2.3' ],
22 silly audit   yoctocolors: [ '2.1.2' ],
22 silly audit   'yoga-layout': [ '3.2.1' ],
22 silly audit   zimmerframe: [ '1.1.4' ],
22 silly audit   zod: [ '3.25.76' ],
22 silly audit   'zod-to-json-schema': [ '3.24.6' ],
22 silly audit   'zod-to-ts': [ '1.2.0' ],
22 silly audit   zwitch: [ '2.0.4' ],
22 silly audit   'js-yaml': [ '4.1.1' ]
22 silly audit }
23 verbose reify failed optional dependency D:\cursor\project8  blog\test\node_modules\fsevents
24 silly reify mark deleted [ 'D:\\cursor\\project8  blog\\test\\node_modules\\fsevents' ]
25 verbose reify failed optional dependency D:\cursor\project8  blog\test\node_modules\@rollup\rollup-win32-ia32-msvc
26 silly reify mark deleted [
26 silly reify   'D:\\cursor\\project8  blog\\test\\node_modules\\@rollup\\rollup-win32-ia32-msvc'
26 silly reify ]
27 verbose reify failed optional dependency D:\cursor\project8  blog\test\node_modules\@rollup\rollup-win32-arm64-msvc
28 silly reify mark deleted [
28 silly reify   'D:\\cursor\\project8  blog\\test\\node_modules\\@rollup\\rollup-win32-arm64-msvc'
28 silly reify ]
29 verbose reify failed optional dependency D:\cursor\project8  blog\test\node_modules\@rollup\rollup-openharmony-arm64
30 silly reify mark deleted [
30 silly reify   'D:\\cursor\\project8  blog\\test\\node_modules\\@rollup\\rollup-openharmony-arm64'
30 silly reify ]
31 verbose reify failed optional dependency D:\cursor\project8  blog\test\node_modules\@rollup\rollup-linux-x64-musl
32 silly reify mark deleted [
32 silly reify   'D:\\cursor\\project8  blog\\test\\node_modules\\@rollup\\rollup-linux-x64-musl'
32 silly reify ]
33 verbose reify failed optional dependency D:\cursor\project8  blog\test\node_modules\@rollup\rollup-linux-x64-gnu
34 silly reify mark deleted [
34 silly reify   'D:\\cursor\\project8  blog\\test\\node_modules\\@rollup\\rollup-linux-x64-gnu'
34 silly reify ]
35 verbose reify failed optional dependency D:\cursor\project8  blog\test\node_modules\@rollup\rollup-linux-s390x-gnu
36 silly reify mark deleted [
36 silly reify   'D:\\cursor\\project8  blog\\test\\node_modules\\@rollup\\rollup-linux-s390x-gnu'
36 silly reify ]
37 verbose reify failed optional dependency D:\cursor\project8  blog\test\node_modules\@rollup\rollup-linux-riscv64-musl
38 silly reify mark deleted [
38 silly reify   'D:\\cursor\\project8  blog\\test\\node_modules\\@rollup\\rollup-linux-riscv64-musl'
38 silly reify ]
39 verbose reify failed optional dependency D:\cursor\project8  blog\test\node_modules\@rollup\rollup-linux-riscv64-gnu
40 silly reify mark deleted [
40 silly reify   'D:\\cursor\\project8  blog\\test\\node_modules\\@rollup\\rollup-linux-riscv64-gnu'
40 silly reify ]
41 verbose reify failed optional dependency D:\cursor\project8  blog\test\node_modules\@rollup\rollup-linux-ppc64-gnu
42 silly reify mark deleted [
42 silly reify   'D:\\cursor\\project8  blog\\test\\node_modules\\@rollup\\rollup-linux-ppc64-gnu'
42 silly reify ]
43 verbose reify failed optional dependency D:\cursor\project8  blog\test\node_modules\@rollup\rollup-linux-loong64-gnu
44 silly reify mark deleted [
44 silly reify   'D:\\cursor\\project8  blog\\test\\node_modules\\@rollup\\rollup-linux-loong64-gnu'
44 silly reify ]
45 verbose reify failed optional dependency D:\cursor\project8  blog\test\node_modules\@rollup\rollup-linux-arm64-musl
46 silly reify mark deleted [
46 silly reify   'D:\\cursor\\project8  blog\\test\\node_modules\\@rollup\\rollup-linux-arm64-musl'
46 silly reify ]
47 verbose reify failed optional dependency D:\cursor\project8  blog\test\node_modules\@rollup\rollup-linux-arm64-gnu
48 silly reify mark deleted [
48 silly reify   'D:\\cursor\\project8  blog\\test\\node_modules\\@rollup\\rollup-linux-arm64-gnu'
48 silly reify ]
49 verbose reify failed optional dependency D:\cursor\project8  blog\test\node_modules\@rollup\rollup-linux-arm-musleabihf
50 silly reify mark deleted [
50 silly reify   'D:\\cursor\\project8  blog\\test\\node_modules\\@rollup\\rollup-linux-arm-musleabihf'
50 silly reify ]
51 verbose reify failed optional dependency D:\cursor\project8  blog\test\node_modules\@rollup\rollup-linux-arm-gnueabihf
52 silly reify mark deleted [
52 silly reify   'D:\\cursor\\project8  blog\\test\\node_modules\\@rollup\\rollup-linux-arm-gnueabihf'
52 silly reify ]
53 verbose reify failed optional dependency D:\cursor\project8  blog\test\node_modules\@rollup\rollup-freebsd-x64
54 silly reify mark deleted [
54 silly reify   'D:\\cursor\\project8  blog\\test\\node_modules\\@rollup\\rollup-freebsd-x64'
54 silly reify ]
55 verbose reify failed optional dependency D:\cursor\project8  blog\test\node_modules\@rollup\rollup-freebsd-arm64
56 silly reify mark deleted [
56 silly reify   'D:\\cursor\\project8  blog\\test\\node_modules\\@rollup\\rollup-freebsd-arm64'
56 silly reify ]
57 verbose reify failed optional dependency D:\cursor\project8  blog\test\node_modules\@rollup\rollup-darwin-x64
58 silly reify mark deleted [
58 silly reify   'D:\\cursor\\project8  blog\\test\\node_modules\\@rollup\\rollup-darwin-x64'
58 silly reify ]
59 verbose reify failed optional dependency D:\cursor\project8  blog\test\node_modules\@rollup\rollup-darwin-arm64
60 silly reify mark deleted [
60 silly reify   'D:\\cursor\\project8  blog\\test\\node_modules\\@rollup\\rollup-darwin-arm64'
60 silly reify ]
61 verbose reify failed optional dependency D:\cursor\project8  blog\test\node_modules\@rollup\rollup-android-arm64
62 silly reify mark deleted [
62 silly reify   'D:\\cursor\\project8  blog\\test\\node_modules\\@rollup\\rollup-android-arm64'
62 silly reify ]
63 verbose reify failed optional dependency D:\cursor\project8  blog\test\node_modules\@rollup\rollup-android-arm-eabi
64 silly reify mark deleted [
64 silly reify   'D:\\cursor\\project8  blog\\test\\node_modules\\@rollup\\rollup-android-arm-eabi'
64 silly reify ]
65 verbose reify failed optional dependency D:\cursor\project8  blog\test\node_modules\@biomejs\cli-win32-arm64
66 silly reify mark deleted [
66 silly reify   'D:\\cursor\\project8  blog\\test\\node_modules\\@biomejs\\cli-win32-arm64'
66 silly reify ]
67 verbose reify failed optional dependency D:\cursor\project8  blog\test\node_modules\@biomejs\cli-linux-x64-musl
68 silly reify mark deleted [
68 silly reify   'D:\\cursor\\project8  blog\\test\\node_modules\\@biomejs\\cli-linux-x64-musl'
68 silly reify ]
69 verbose reify failed optional dependency D:\cursor\project8  blog\test\node_modules\@biomejs\cli-linux-x64
70 silly reify mark deleted [
70 silly reify   'D:\\cursor\\project8  blog\\test\\node_modules\\@biomejs\\cli-linux-x64'
70 silly reify ]
71 verbose reify failed optional dependency D:\cursor\project8  blog\test\node_modules\@biomejs\cli-linux-arm64-musl
72 silly reify mark deleted [
72 silly reify   'D:\\cursor\\project8  blog\\test\\node_modules\\@biomejs\\cli-linux-arm64-musl'
72 silly reify ]
73 verbose reify failed optional dependency D:\cursor\project8  blog\test\node_modules\@biomejs\cli-linux-arm64
74 silly reify mark deleted [
74 silly reify   'D:\\cursor\\project8  blog\\test\\node_modules\\@biomejs\\cli-linux-arm64'
74 silly reify ]
75 verbose reify failed optional dependency D:\cursor\project8  blog\test\node_modules\@biomejs\cli-darwin-x64
76 silly reify mark deleted [
76 silly reify   'D:\\cursor\\project8  blog\\test\\node_modules\\@biomejs\\cli-darwin-x64'
76 silly reify ]
77 verbose reify failed optional dependency D:\cursor\project8  blog\test\node_modules\@biomejs\cli-darwin-arm64
78 silly reify mark deleted [
78 silly reify   'D:\\cursor\\project8  blog\\test\\node_modules\\@biomejs\\cli-darwin-arm64'
78 silly reify ]
79 http cache js-yaml@https://registry.npmmirror.com/js-yaml/-/js-yaml-4.1.1.tgz 0ms (cache hit)
80 silly tarball no local data for js-yaml@https://registry.npmmirror.com/js-yaml/-/js-yaml-4.1.1.tgz. Extracting by manifest.
81 http fetch POST 404 https://registry.npmmirror.com/-/npm/v1/security/advisories/bulk 452ms
82 silly audit bulk request failed [object Object]
83 http fetch POST 404 https://registry.npmmirror.com/-/npm/v1/security/audits/quick 46ms
84 verbose audit error HttpErrorGeneral: 404 Not Found - POST https://registry.npmmirror.com/-/npm/v1/security/audits/quick - [NOT_IMPLEMENTED] /-/npm/v1/security/* not implemented yet
84 verbose audit error     at D:\nodejs\node_modules\npm\node_modules\npm-registry-fetch\lib\check-response.js:103:15
84 verbose audit error     at process.processTicksAndRejections (node:internal/process/task_queues:105:5)
84 verbose audit error     at async [getReport] (D:\nodejs\node_modules\npm\node_modules\@npmcli\arborist\lib\audit-report.js:336:21)
84 verbose audit error     at async AuditReport.run (D:\nodejs\node_modules\npm\node_modules\@npmcli\arborist\lib\audit-report.js:106:19) {
84 verbose audit error   headers: [Object: null prototype] {
84 verbose audit error     server: [ 'Tengine' ],
84 verbose audit error     date: [ 'Mon, 01 Dec 2025 05:31:03 GMT' ],
84 verbose audit error     'content-type': [ 'application/json' ],
84 verbose audit error     'transfer-encoding': [ 'chunked' ],
84 verbose audit error     connection: [ 'keep-alive' ],
84 verbose audit error     'strict-transport-security': [ 'max-age=5184000' ],
84 verbose audit error     via: [ 'kunlun10.cn8360[,404666]' ],
84 verbose audit error     'timing-allow-origin': [ '*' ],
84 verbose audit error     eagleid: [ 'ab2ba99e17645670637003677e' ],
84 verbose audit error     'x-fetch-attempts': [ '1' ]
84 verbose audit error   },
84 verbose audit error   statusCode: 404,
84 verbose audit error   code: 'E404',
84 verbose audit error   method: 'POST',
84 verbose audit error   uri: 'https://registry.npmmirror.com/-/npm/v1/security/audits/quick',
84 verbose audit error   body: {
84 verbose audit error     error: '[NOT_IMPLEMENTED] /-/npm/v1/security/* not implemented yet'
84 verbose audit error   },
84 verbose audit error   pkgid: undefined
84 verbose audit error }
85 silly audit error [object Object]
86 silly audit report null
87 http fetch GET 200 https://cdn.npmmirror.com/packages/js-yaml/4.1.1/js-yaml-4.1.1.tgz 845ms (cache miss)
88 silly ADD
89 silly ADD
90 silly ADD
91 silly ADD
92 silly ADD
93 silly ADD
94 silly ADD
95 silly ADD
96 silly ADD
97 silly ADD
98 silly ADD
99 silly ADD
100 silly ADD
101 silly ADD
102 silly ADD
103 silly ADD
104 silly ADD
105 silly ADD
106 silly ADD
107 silly ADD
108 silly ADD
109 silly ADD
110 silly ADD
111 silly ADD
112 silly ADD
113 silly ADD
114 silly ADD
115 silly ADD
116 silly CHANGE node_modules/js-yaml
117 verbose cwd D:\cursor\project8  blog\test
118 verbose os Windows_NT 10.0.22631
119 verbose node v22.20.0
120 verbose npm  v10.9.3
121 verbose exit 0
122 info ok
